[2026-07-21 09:38:02.693] [INFO ] [background-preinit] org.hibernate.validator.internal.util.Version HV000001: Hibernate Validator 8.0.3.Final
[2026-07-21 09:38:02.731] [INFO ] [restartedMain] com.disaster.api.DisasterBackApplication Starting DisasterBackApplication using Java 17.0.12 with PID 17272 (D:\LHB\project2\disaster\disaster_back\target\classes started by User in D:\LHB\project2\disaster\disaster_back)
[2026-07-21 09:38:02.731] [INFO ] [restartedMain] com.disaster.api.DisasterBackApplication No active profile set, falling back to 1 default profile: "default"
[2026-07-21 09:38:02.764] [INFO ] [restartedMain] org.springframework.boot.devtools.env.DevToolsPropertyDefaultsPostProcessor Devtools property defaults active! Set 'spring.devtools.add-properties' to 'false' to disable
[2026-07-21 09:38:02.764] [INFO ] [restartedMain] org.springframework.boot.devtools.env.DevToolsPropertyDefaultsPostProcessor For additional web related logging consider setting the 'logging.level.web' property to 'DEBUG'
[2026-07-21 09:38:04.042] [INFO ] [restartedMain] org.springframework.data.repository.config.RepositoryConfigurationDelegate Bootstrapping Spring Data JPA repositories in DEFAULT mode.
[2026-07-21 09:38:04.120] [INFO ] [restartedMain] org.springframework.data.repository.config.RepositoryConfigurationDelegate Finished Spring Data repository scanning in 71 ms. Found 12 JPA repository interfaces.
[2026-07-21 09:38:04.649] [INFO ] [restartedMain] org.springframework.boot.web.embedded.tomcat.TomcatWebServer Tomcat initialized with port 80 (http)
[2026-07-21 09:38:04.658] [INFO ] [restartedMain] org.apache.coyote.http11.Http11NioProtocol Initializing ProtocolHandler ["http-nio-80"]
[2026-07-21 09:38:04.659] [INFO ] [restartedMain] org.apache.catalina.core.StandardService Starting service [Tomcat]
[2026-07-21 09:38:04.660] [INFO ] [restartedMain] org.apache.catalina.core.StandardEngine Starting Servlet engine: [Apache Tomcat/10.1.55]
[2026-07-21 09:38:04.710] [INFO ] [restartedMain] org.apache.catalina.core.ContainerBase.[Tomcat].[localhost].[/] Initializing Spring embedded WebApplicationContext
[2026-07-21 09:38:04.710] [INFO ] [restartedMain] org.springframework.boot.web.servlet.context.ServletWebServerApplicationContext Root WebApplicationContext: initialization completed in 1946 ms
[2026-07-21 09:38:04.874] [INFO ] [restartedMain] org.hibernate.jpa.internal.util.LogHelper HHH000204: Processing PersistenceUnitInfo [name: default]
[2026-07-21 09:38:04.928] [INFO ] [restartedMain] org.hibernate.Version HHH000412: Hibernate ORM core version 6.6.53.Final
[2026-07-21 09:38:04.955] [INFO ] [restartedMain] org.hibernate.cache.internal.RegionFactoryInitiator HHH000026: Second-level cache disabled
[2026-07-21 09:38:05.149] [INFO ] [restartedMain] org.springframework.orm.jpa.persistenceunit.SpringPersistenceUnitInfo No LoadTimeWeaver setup: ignoring JPA class transformer
[2026-07-21 09:38:05.170] [INFO ] [restartedMain] com.zaxxer.hikari.HikariDataSource HikariPool-1 - Starting...
[2026-07-21 09:38:05.230] [INFO ] [restartedMain] com.zaxxer.hikari.pool.HikariPool HikariPool-1 - Added connection org.mariadb.jdbc.Connection@7a49b32
[2026-07-21 09:38:05.231] [INFO ] [restartedMain] com.zaxxer.hikari.HikariDataSource HikariPool-1 - Start completed.
[2026-07-21 09:38:05.272] [INFO ] [restartedMain] org.hibernate.orm.connections.pooling HHH10001005: Database info:
	Database JDBC URL [Connecting through datasource 'HikariDataSource (HikariPool-1)']
	Database driver: undefined/unknown
	Database version: 10.6.27
	Autocommit mode: undefined/unknown
	Isolation level: undefined/unknown
	Minimum pool size: undefined/unknown
	Maximum pool size: undefined/unknown
[2026-07-21 09:38:05.993] [INFO ] [restartedMain] org.hibernate.engine.transaction.jta.platform.internal.JtaPlatformInitiator HHH000489: No JTA platform available (set 'hibernate.transaction.jta.platform' to enable JTA platform integration)
[2026-07-21 09:38:06.167] [INFO ] [restartedMain] org.springframework.orm.jpa.LocalContainerEntityManagerFactoryBean Initialized JPA EntityManagerFactory for persistence unit 'default'
[2026-07-21 09:38:06.319] [INFO ] [restartedMain] org.springframework.data.jpa.repository.query.QueryEnhancerFactory Hibernate is in classpath; If applicable, HQL parser will be used.
[2026-07-21 09:38:06.873] [INFO ] [restartedMain] com.disaster.api.config.security.JwtTokenProvider [init] JwtTokenProvider 내 secretKey 이용 key 초기화 시작
[2026-07-21 09:38:06.876] [INFO ] [restartedMain] com.disaster.api.config.security.JwtTokenProvider [init] JwtTokenProvider 내 secretKey 이용 key 초기화 초기화 완료
[2026-07-21 09:38:07.168] [WARN ] [restartedMain] org.springframework.boot.autoconfigure.orm.jpa.JpaBaseConfiguration$JpaWebConfiguration spring.jpa.open-in-view is enabled by default. Therefore, database queries may be performed during view rendering. Explicitly configure spring.jpa.open-in-view to disable this warning
[2026-07-21 09:38:07.188] [WARN ] [restartedMain] org.springframework.boot.autoconfigure.security.servlet.UserDetailsServiceAutoConfiguration 

Using generated security password: aa533242-f471-4b48-abcc-24622262ce6d

This generated password is for development use only. Your security configuration must be updated before running your application in production.

[2026-07-21 09:38:07.192] [INFO ] [restartedMain] org.springframework.security.config.annotation.authentication.configuration.InitializeUserDetailsBeanManagerConfigurer$InitializeUserDetailsManagerConfigurer Global AuthenticationManager configured with UserDetailsService bean with name inMemoryUserDetailsManager
[2026-07-21 09:38:07.371] [INFO ] [restartedMain] com.disaster.api.config.WebConfig [addResourceHandlers] image URI 폴더 추가 ------
[2026-07-21 09:38:07.466] [INFO ] [restartedMain] org.springframework.boot.actuate.endpoint.web.EndpointLinksResolver Exposing 1 endpoint beneath base path '/actuator'
[2026-07-21 09:38:07.768] [INFO ] [restartedMain] org.springframework.boot.devtools.autoconfigure.OptionalLiveReloadServer LiveReload server is running on port 35729
[2026-07-21 09:38:07.805] [INFO ] [restartedMain] org.apache.coyote.http11.Http11NioProtocol Starting ProtocolHandler ["http-nio-80"]
[2026-07-21 09:38:07.817] [INFO ] [restartedMain] org.springframework.boot.web.embedded.tomcat.TomcatWebServer Tomcat started on port 80 (http) with context path '/'
[2026-07-21 09:38:07.828] [INFO ] [restartedMain] com.disaster.api.DisasterBackApplication Started DisasterBackApplication in 5.457 seconds (process running for 6.309)
[2026-07-21 09:38:07.833] [WARN ] [restartedMain] org.springdoc.core.events.SpringDocAppInitializer SpringDoc /v3/api-docs endpoint is enabled by default. To disable it in production, set the property 'springdoc.api-docs.enabled=false'
[2026-07-21 09:38:07.833] [WARN ] [restartedMain] org.springdoc.core.events.SpringDocAppInitializer SpringDoc /swagger-ui.html endpoint is enabled by default. To disable it in production, set the property 'springdoc.swagger-ui.enabled=false'
[2026-07-21 09:38:08.022] [INFO ] [RMI TCP Connection(3)-10.15.21.211] org.apache.catalina.core.ContainerBase.[Tomcat].[localhost].[/] Initializing Spring DispatcherServlet 'dispatcherServlet'
[2026-07-21 09:38:08.022] [INFO ] [RMI TCP Connection(3)-10.15.21.211] org.springframework.web.servlet.DispatcherServlet Initializing Servlet 'dispatcherServlet'
[2026-07-21 09:38:08.024] [INFO ] [RMI TCP Connection(3)-10.15.21.211] org.springframework.web.servlet.DispatcherServlet Completed initialization in 2 ms
[2026-07-21 09:38:18.054] [INFO ] [http-nio-80-exec-1] com.disaster.api.config.security.JwtTokenProvider [resolveToken] Http 헤더에서 Token 값을 추출
[2026-07-21 09:38:18.056] [INFO ] [http-nio-80-exec-1] com.disaster.api.config.security.JwtAuthenticationFilter [doFilterInternal] token 값 추출 완료. token : null
[2026-07-21 09:38:18.056] [INFO ] [http-nio-80-exec-1] com.disaster.api.config.security.JwtAuthenticationFilter [doFilterInternal] token 값 유효성 체크 시작
[2026-07-21 09:38:18.056] [INFO ] [http-nio-80-exec-1] com.disaster.api.config.security.JwtAuthenticationFilter [doFilterInternal] token 값 유효성 체크 완료
[2026-07-21 09:38:21.088] [INFO ] [http-nio-80-exec-2] com.disaster.api.config.security.JwtTokenProvider [resolveToken] Http 헤더에서 Token 값을 추출
[2026-07-21 09:38:21.089] [INFO ] [http-nio-80-exec-2] com.disaster.api.config.security.JwtAuthenticationFilter [doFilterInternal] token 값 추출 완료. token : null
[2026-07-21 09:38:21.089] [INFO ] [http-nio-80-exec-2] com.disaster.api.config.security.JwtAuthenticationFilter [doFilterInternal] token 값 유효성 체크 시작
[2026-07-21 09:38:21.089] [INFO ] [http-nio-80-exec-2] com.disaster.api.config.security.JwtAuthenticationFilter [doFilterInternal] token 값 유효성 체크 완료
[2026-07-21 09:38:21.123] [WARN ] [http-nio-80-exec-2] org.springframework.data.web.config.SpringDataJacksonConfiguration$PageModule$WarningLoggingModifier Serializing PageImpl instances as-is is not supported, meaning that there is no guarantee about the stability of the resulting JSON structure!
	For a stable JSON structure, please use Spring Data's PagedModel (globally via @EnableSpringDataWebSupport(pageSerializationMode = VIA_DTO))
	or Spring HATEOAS and Spring Data's PagedResourcesAssembler as documented in https://docs.spring.io/spring-data/commons/reference/repositories/core-extensions.html#core.web.pageables.

[2026-07-21 09:38:23.578] [INFO ] [http-nio-80-exec-3] com.disaster.api.config.security.JwtTokenProvider [resolveToken] Http 헤더에서 Token 값을 추출
[2026-07-21 09:38:23.578] [INFO ] [http-nio-80-exec-3] com.disaster.api.config.security.JwtAuthenticationFilter [doFilterInternal] token 값 추출 완료. token : null
[2026-07-21 09:38:23.578] [INFO ] [http-nio-80-exec-3] com.disaster.api.config.security.JwtAuthenticationFilter [doFilterInternal] token 값 유효성 체크 시작
[2026-07-21 09:38:23.578] [INFO ] [http-nio-80-exec-3] com.disaster.api.config.security.JwtAuthenticationFilter [doFilterInternal] token 값 유효성 체크 완료
[2026-07-21 09:38:24.622] [INFO ] [http-nio-80-exec-4] com.disaster.api.config.security.JwtTokenProvider [resolveToken] Http 헤더에서 Token 값을 추출
[2026-07-21 09:38:24.622] [INFO ] [http-nio-80-exec-4] com.disaster.api.config.security.JwtAuthenticationFilter [doFilterInternal] token 값 추출 완료. token : null
[2026-07-21 09:38:24.622] [INFO ] [http-nio-80-exec-4] com.disaster.api.config.security.JwtAuthenticationFilter [doFilterInternal] token 값 유효성 체크 시작
[2026-07-21 09:38:24.622] [INFO ] [http-nio-80-exec-4] com.disaster.api.config.security.JwtAuthenticationFilter [doFilterInternal] token 값 유효성 체크 완료
[2026-07-21 09:38:43.827] [INFO ] [http-nio-80-exec-5] com.disaster.api.config.security.JwtTokenProvider [resolveToken] Http 헤더에서 Token 값을 추출
[2026-07-21 09:38:43.827] [INFO ] [http-nio-80-exec-5] com.disaster.api.config.security.JwtAuthenticationFilter [doFilterInternal] token 값 추출 완료. token : null
[2026-07-21 09:38:43.827] [INFO ] [http-nio-80-exec-5] com.disaster.api.config.security.JwtAuthenticationFilter [doFilterInternal] token 값 유효성 체크 시작
[2026-07-21 09:38:43.827] [INFO ] [http-nio-80-exec-5] com.disaster.api.config.security.JwtAuthenticationFilter [doFilterInternal] token 값 유효성 체크 완료
[2026-07-21 09:38:46.000] [INFO ] [http-nio-80-exec-6] com.disaster.api.config.security.JwtTokenProvider [resolveToken] Http 헤더에서 Token 값을 추출
[2026-07-21 09:38:46.001] [INFO ] [http-nio-80-exec-6] com.disaster.api.config.security.JwtAuthenticationFilter [doFilterInternal] token 값 추출 완료. token : null
[2026-07-21 09:38:46.001] [INFO ] [http-nio-80-exec-6] com.disaster.api.config.security.JwtAuthenticationFilter [doFilterInternal] token 값 유효성 체크 시작
[2026-07-21 09:38:46.001] [INFO ] [http-nio-80-exec-6] com.disaster.api.config.security.JwtAuthenticationFilter [doFilterInternal] token 값 유효성 체크 완료
[2026-07-21 09:38:59.819] [INFO ] [http-nio-80-exec-7] com.disaster.api.config.security.JwtTokenProvider [resolveToken] Http 헤더에서 Token 값을 추출
[2026-07-21 09:38:59.820] [INFO ] [http-nio-80-exec-7] com.disaster.api.config.security.JwtAuthenticationFilter [doFilterInternal] token 값 추출 완료. token : null
[2026-07-21 09:38:59.820] [INFO ] [http-nio-80-exec-7] com.disaster.api.config.security.JwtAuthenticationFilter [doFilterInternal] token 값 유효성 체크 시작
[2026-07-21 09:38:59.820] [INFO ] [http-nio-80-exec-7] com.disaster.api.config.security.JwtAuthenticationFilter [doFilterInternal] token 값 유효성 체크 완료
[2026-07-21 09:39:02.058] [INFO ] [http-nio-80-exec-8] com.disaster.api.config.security.JwtTokenProvider [resolveToken] Http 헤더에서 Token 값을 추출
[2026-07-21 09:39:02.058] [INFO ] [http-nio-80-exec-8] com.disaster.api.config.security.JwtAuthenticationFilter [doFilterInternal] token 값 추출 완료. token : null
[2026-07-21 09:39:02.058] [INFO ] [http-nio-80-exec-8] com.disaster.api.config.security.JwtAuthenticationFilter [doFilterInternal] token 값 유효성 체크 시작
[2026-07-21 09:39:02.058] [INFO ] [http-nio-80-exec-8] com.disaster.api.config.security.JwtAuthenticationFilter [doFilterInternal] token 값 유효성 체크 완료
[2026-07-21 09:40:38.345] [INFO ] [http-nio-80-exec-10] com.disaster.api.config.security.JwtTokenProvider [resolveToken] Http 헤더에서 Token 값을 추출
[2026-07-21 09:40:38.346] [INFO ] [http-nio-80-exec-10] com.disaster.api.config.security.JwtAuthenticationFilter [doFilterInternal] token 값 추출 완료. token : null
[2026-07-21 09:40:38.346] [INFO ] [http-nio-80-exec-10] com.disaster.api.config.security.JwtAuthenticationFilter [doFilterInternal] token 값 유효성 체크 시작
[2026-07-21 09:40:38.346] [INFO ] [http-nio-80-exec-10] com.disaster.api.config.security.JwtAuthenticationFilter [doFilterInternal] token 값 유효성 체크 완료
